
> thanawy@0.1.0 build
> powershell -ExecutionPolicy Bypass -File ./scripts/build-safe.ps1


=== Safe Build Process ===

[1/3] Stopping Node.js processes...

[2/3] Cleaning Prisma cache...

[3/3] Generating Prisma and building...
node.exe : Environment variables loaded 
from .env
At C:\npm.ps1:29 char:3
+   & $NODE_EXE $NPM_CLI_JS $args
+   ~~~~~~~~~~~~~~~~~~~~~~~~~~~~~
    + CategoryInfo          : NotSpecifie 
   d: (Environment variables loaded from  
   .env:String) [], RemoteException
    + FullyQualifiedErrorId : NativeComma 
   ndError
 
Prisma schema loaded from prisma\schema.prisma

ظ£¤ Generated Prisma Client (v6.19.2) to .\node_modules\@prisma\client in 594ms

Start by importing your Prisma Client (See: https://pris.ly/d/importing-client)

Tip: Interested in query caching in just a few lines of code? Try Accelerate today! https://pris.ly/tip-3-accelerate

Warning: Custom Cache-Control headers 
detected for the following routes:
  - /_next/static/:path*

Setting a custom Cache-Control header can 
break Next.js development behavior.
ظû▓ Next.js 16.2.1 (webpack)
- Environments: .env.production, .env
- Experiments (use with caution):
  ┬╖ optimizePackageImports
  ظ£ô scrollRestoration

  Creating an optimized production build ...


Retrying 1/3...


Retrying 1/3...


Retrying 1/3...


Retrying 1/3...


Retrying 1/3...


Retrying 1/3...
<w> [webpack.cache.PackFileCacheStrategy] 
Skipped not serializable cache item 'Compi
lation/modules|D:\thanawy\node_modules\nex
t\dist\build\webpack\loaders\css-loader\sr
c\index.js??ruleSet[1].rules[15].oneOf[10]
.use[2]!D:\thanawy\node_modules\next\dist\
build\webpack\loaders\postcss-loader\src\i
ndex.js??ruleSet[1].rules[15].oneOf[10].us
e[3]!D:\thanawy\src\app\globals.css': No 
serializer registered for Warning
<w> while serializing webpack/lib/cache/Pa
ckFileCacheStrategy.PackContentItems -> 
webpack/lib/NormalModule -> Array { 2 
items } -> webpack/lib/ModuleWarning -> 
Warning
Build failed!
