.next/types/validator.ts(1232,39): error TS2307: Cannot find module '../../src/app/api/auth/oauth/callback/[provider]/route.js' or its corresponding type declarations.
scripts/find-unused-components.ts(4,22): error TS2307: Cannot find module 'glob' or its corresponding type declarations.
src/app/(admin)/admin/books/page.tsx(219,16): error TS2304: Cannot find name 'FileText'.
src/app/(admin)/admin/marketing/page.tsx(61,15): error TS2304: Cannot find name 'MailOpen'.
src/app/(dashboard)/profile/components/SecurityTab.tsx(8,32): error TS2307: Cannot find module './PasswordManagement' or its corresponding type declarations.
src/app/(dashboard)/tasks/page.tsx(346,27): error TS2322: Type 'Control<{ title: string; description?: string | undefined; dueAt?: string | undefined; priority?: number | undefined; subject?: SubjectType | undefined; }, any, { title: string; description?: string | undefined; dueAt?: string | undefined; priority?: number | undefined; subject?: SubjectType | undefined; }>' is not assignable to type 'Control<any>'.
  The types of '_options.validate' are incompatible between these types.
    Type 'ValidateForm<{ title: string; description?: string | undefined; dueAt?: string | undefined; priority?: number | undefined; subject?: SubjectType | undefined; }> | undefined' is not assignable to type 'ValidateForm<any> | undefined'.
      Type 'ValidateForm<{ title: string; description?: string | undefined; dueAt?: string | undefined; priority?: number | undefined; subject?: SubjectType | undefined; }>' is not assignable to type 'ValidateForm<any>'.
        Types of parameters 'props' and 'props' are incompatible.
          Type '{ formValues: any; formState: FormState<any>; eventType?: ValidateFormEventType | undefined; name?: string | string[] | undefined; }' is not assignable to type '{ formValues: { title: string; description?: string | undefined; dueAt?: string | undefined; priority?: number | undefined; subject?: SubjectType | undefined; }; formState: FormState<...>; eventType?: ValidateFormEventType | undefined; name?: "title" | ... 5 more ... | undefined; }'.
            Types of property 'name' are incompatible.
              Type 'string | string[] | undefined' is not assignable to type '"title" | "description" | "dueAt" | "priority" | "subject" | ("title" | "description" | "dueAt" | "priority" | "subject")[] | undefined'.
                Type 'string' is not assignable to type '"title" | "description" | "dueAt" | "priority" | "subject" | ("title" | "description" | "dueAt" | "priority" | "subject")[] | undefined'.
src/app/(dashboard)/tasks/page.tsx(370,92): error TS2345: Argument of type 'string | null | undefined' is not assignable to parameter of type 'string | undefined'.
  Type 'null' is not assignable to type 'string | undefined'.
src/app/(dashboard)/tasks/page.tsx(442,23): error TS2322: Type '(dueAt: string | undefined) => boolean' is not assignable to type '(dueAt: string | null | undefined) => boolean'.
  Types of parameters 'dueAt' and 'dueAt' are incompatible.
    Type 'string | null | undefined' is not assignable to type 'string | undefined'.
      Type 'null' is not assignable to type 'string | undefined'.
src/app/(dashboard)/tasks/page.tsx(471,28): error TS2322: Type 'Control<{ title: string; description?: string | undefined; dueAt?: string | undefined; priority?: number | undefined; subject?: SubjectType | undefined; }, any, { title: string; description?: string | undefined; dueAt?: string | undefined; priority?: number | undefined; subject?: SubjectType | undefined; }>' is not assignable to type 'Control<any>'.
  The types of '_options.validate' are incompatible between these types.
    Type 'ValidateForm<{ title: string; description?: string | undefined; dueAt?: string | undefined; priority?: number | undefined; subject?: SubjectType | undefined; }> | undefined' is not assignable to type 'ValidateForm<any> | undefined'.
      Type 'ValidateForm<{ title: string; description?: string | undefined; dueAt?: string | undefined; priority?: number | undefined; subject?: SubjectType | undefined; }>' is not assignable to type 'ValidateForm<any>'.
        Types of parameters 'props' and 'props' are incompatible.
          Type '{ formValues: any; formState: FormState<any>; eventType?: ValidateFormEventType | undefined; name?: string | string[] | undefined; }' is not assignable to type '{ formValues: { title: string; description?: string | undefined; dueAt?: string | undefined; priority?: number | undefined; subject?: SubjectType | undefined; }; formState: FormState<...>; eventType?: ValidateFormEventType | undefined; name?: "title" | ... 5 more ... | undefined; }'.
            Types of property 'name' are incompatible.
              Type 'string | string[] | undefined' is not assignable to type '"title" | "description" | "dueAt" | "priority" | "subject" | ("title" | "description" | "dueAt" | "priority" | "subject")[] | undefined'.
                Type 'string' is not assignable to type '"title" | "description" | "dueAt" | "priority" | "subject" | ("title" | "description" | "dueAt" | "priority" | "subject")[] | undefined'.
src/app/(dashboard)/time/hooks/useTimeData.ts(154,11): error TS2554: Expected 2-3 arguments, but got 4.
src/app/(dashboard)/time/hooks/useTimeData.ts(169,9): error TS2554: Expected 2-3 arguments, but got 4.
src/app/(education)/courses/[id]/page.tsx(196,34): error TS2345: Argument of type 'unknown' is not assignable to parameter of type 'string'.
src/app/api/db-monitor/route.ts(2,27): error TS2307: Cannot find module '@/lib/prisma-monitor' or its corresponding type declarations.
src/app/api/events/route.ts(54,12): error TS2304: Cannot find name 'withAuth'.
src/app/api/events/route.ts(54,35): error TS7031: Binding element 'userId' implicitly has an 'any' type.
src/components/examples/ContactFormExample.tsx(4,39): error TS2307: Cannot find module '@/hooks/useSessionPersistence' or its corresponding type declarations.
src/components/header/HeaderSearch.tsx(158,25): error TS2353: Object literal may only specify known properties, and 'logError' does not exist in type 'Partial<ErrorConfig>'.
src/components/header/HeaderSearch.tsx(334,6): error TS2353: Object literal may only specify known properties, and 'logError' does not exist in type 'Partial<ErrorConfig>'.
src/components/header/hooks/index.ts(1,71): error TS2307: Cannot find module './useHeaderAnimations' or its corresponding type declarations.
src/components/header/hooks/index.ts(2,86): error TS2307: Cannot find module './useStickyHeader' or its corresponding type declarations.
src/components/header/hooks/index.ts(3,113): error TS2307: Cannot find module './useFocusMode' or its corresponding type declarations.
src/components/shared/hooks/index.ts(11,51): error TS2307: Cannot find module './useDebounce' or its corresponding type declarations.
src/components/shared/hooks/index.ts(14,62): error TS2307: Cannot find module './useMediaQuery' or its corresponding type declarations.
src/components/shared/hooks/index.ts(15,62): error TS2307: Cannot find module './useOnClickOutside' or its corresponding type declarations.
src/components/shared/hooks/index.ts(21,8): error TS2307: Cannot find module './useKeyPress' or its corresponding type declarations.
src/lib/cache-warming-service.ts(2,10): error TS2614: Module '"@/lib/educational-cache-service"' has no exported member 'cacheMultipleEducationalItems'. Did you mean to use 'import cacheMultipleEducationalItems from "@/lib/educational-cache-service"' instead?
src/providers/CombinedProviders.tsx(3,31): error TS2307: Cannot find module '../contexts/toast-context' or its corresponding type declarations.
