
> thanawy@0.1.0 test
> dotenv -e tests/test.env jest tests/unit/auth-client-comprehensive.test.ts

node.exe : FAIL tests/unit/auth-client-compr
ehensive.test.ts (14.548 s)
At C:\npm.ps1:29 char:3
+   & $NODE_EXE $NPM_CLI_JS $args
+   ~~~~~~~~~~~~~~~~~~~~~~~~~~~~~
    + CategoryInfo          : NotSpecified: 
    (FAIL tests/unit...t.ts (14.548 s):Str  
  ing) [], RemoteException
    + FullyQualifiedErrorId : NativeCommand 
   Error
 
  Auth Client Comprehensive Tests
    loginUser
      ظêأ should validate request structure 
(10 ms)
      ├ù should validate email (11 ms)
      ظêأ should reject malicious email 
patterns (1 ms)
      ظêأ should validate password (1 ms)
      ظêأ should normalize email to 
lowercase (2 ms)
      ظêأ should handle successful login (1 
ms)
      ظêأ should handle 2FA requirement
      ظêأ should handle network errors 
(7017 ms)
      ظêأ should handle timeout errors 
(7033 ms)
    verifyTwoFactor
      ظêأ should validate loginAttemptId
      ظêأ should validate code format (1 ms)
      ظêأ should handle successful 
verification (1 ms)

  ظù Auth Client Comprehensive Tests ظ║ 
loginUser ظ║ should validate email

    expect(received).rejects.toMatchObject(e
xpected)

    - Expected  - 1
    + Received  + 1

      Object {
    -   "code": "EMAIL_TOO_LONG",
    +   "code": "INVALID_EMAIL_FORMAT",
      }

    [0m [90m 57 |[39m           
password[33m:[39m 
[32m'password123'[39m[33m,[39m
     [90m 58 |[39m         })
    [31m[1m>[22m[39m[90m 59 |[39m     
  )[33m.[39mrejects[33m.[39mtoMatchObjec
t({
     [90m    |[39m                 
[31m[1m^[22m[39m
     [90m 60 |[39m         
code[33m:[39m 
[32m'EMAIL_TOO_LONG'[39m[33m,[39m
     [90m 61 |[39m       })[33m;[39m
     [90m 62 |[39m[0m

      at Object.toMatchObject 
(node_modules/expect/build/index.js:218:22)
      at Object.<anonymous> (tests/unit/auth
-client-comprehensive.test.ts:59:17)

Test Suites: 1 failed, 1 total
Tests:       1 failed, 11 passed, 12 total
Snapshots:   0 total
Time:        15.491 s
Ran all test suites matching /tests\\unit\\a
uth-client-comprehensive.test.ts/i.
