src/app/api/auth/facebook/callback/route.ts(103,13): error TS2322: Type 'string | null' is not assignable to type 'string | undefined'.
  Type 'null' is not assignable to type 'string | undefined'.
src/app/api/auth/facebook/callback/route.ts(134,9): error TS2322: Type 'string | null' is not assignable to type 'string | undefined'.
  Type 'null' is not assignable to type 'string | undefined'.
src/app/api/auth/forgot-password/route.ts(50,35): error TS2339: Property 'requestPasswordReset' does not exist on type '{ hashPassword(password: string): Promise<string>; verifyPassword(plain: string, hashed: string): Promise<boolean>; generateToken(payload: UserPayload, expiresIn?: string): Promise<...>; ... 28 more ...; recordFailedAttempt(identifier: string): Promise<...>; }'.
src/app/api/auth/magic-link/route.ts(28,15): error TS2339: Property 'email' does not exist on type 'String'.
src/app/api/auth/recover-account/route.ts(56,46): error TS2345: Argument of type 'null' is not assignable to parameter of type 'string'.
src/app/api/auth/recover-account/route.ts(99,46): error TS2345: Argument of type 'null' is not assignable to parameter of type 'string'.
src/app/api/auth/recover-account/route.ts(114,44): error TS2345: Argument of type 'null' is not assignable to parameter of type 'string'.
src/app/api/auth/recover-account/route.ts(151,46): error TS2345: Argument of type 'null' is not assignable to parameter of type 'string'.
src/app/api/auth/recover-account/route.ts(164,44): error TS2345: Argument of type 'null' is not assignable to parameter of type 'string'.
src/app/api/auth/recover-account/route.ts(184,42): error TS2345: Argument of type 'null' is not assignable to parameter of type 'string'.
src/app/api/auth/refresh/route.ts(60,43): error TS2339: Property 'refreshAccessToken' does not exist on type '{ hashPassword(password: string): Promise<string>; verifyPassword(plain: string, hashed: string): Promise<boolean>; generateToken(payload: UserPayload, expiresIn?: string): Promise<...>; ... 28 more ...; recordFailedAttempt(identifier: string): Promise<...>; }'.
src/app/api/auth/resend-two-factor/route.ts(46,24): error TS2345: Argument of type 'string' is not assignable to parameter of type 'number'.
src/app/api/auth/resend-two-factor/route.ts(78,16): error TS2345: Argument of type 'string' is not assignable to parameter of type 'number'.
src/app/api/auth/reset-password/route.ts(51,31): error TS2339: Property 'resetPassword' does not exist on type '{ hashPassword(password: string): Promise<string>; verifyPassword(plain: string, hashed: string): Promise<boolean>; generateToken(payload: UserPayload, expiresIn?: string): Promise<...>; ... 28 more ...; recordFailedAttempt(identifier: string): Promise<...>; }'.
src/app/api/auth/send-verification/route.ts(39,46): error TS2345: Argument of type 'null' is not assignable to parameter of type 'string'.
src/app/api/auth/send-verification/route.ts(88,44): error TS2345: Argument of type 'null' is not assignable to parameter of type 'string'.
src/app/api/auth/send-verification/route.ts(158,42): error TS2345: Argument of type 'null' is not assignable to parameter of type 'string'.
src/app/api/auth/sessions/geo/route.ts(8,10): error TS2724: '"@/lib/services/auth-service"' has no exported member named 'AuthService'. Did you mean 'authService'?
src/app/api/auth/two-factor/route.ts(211,11): error TS2322: Type 'string | undefined' is not assignable to type 'string'.
  Type 'undefined' is not assignable to type 'string'.
src/app/api/auth/two-factor/route.ts(220,13): error TS2322: Type 'string | undefined' is not assignable to type 'string'.
  Type 'undefined' is not assignable to type 'string'.
src/app/api/auth/two-factor/route.ts(503,7): error TS2322: Type '{ valid: boolean; timeStep?: number | undefined; }' is not assignable to type 'boolean'.
src/app/api/auth/two-factor/totp/verify-login/route.ts(117,79): error TS2322: Type 'string | undefined' is not assignable to type 'string'.
  Type 'undefined' is not assignable to type 'string'.
src/app/api/auth/two-factor/totp/verify-login/route.ts(123,79): error TS2322: Type 'string | undefined' is not assignable to type 'string'.
  Type 'undefined' is not assignable to type 'string'.
src/app/api/auth/verify-email/route.ts(28,31): error TS2339: Property 'verifyEmail' does not exist on type '{ hashPassword(password: string): Promise<string>; verifyPassword(plain: string, hashed: string): Promise<boolean>; generateToken(payload: UserPayload, expiresIn?: string): Promise<...>; ... 28 more ...; recordFailedAttempt(identifier: string): Promise<...>; }'.
src/app/api/exams/route.ts(232,18): error TS2554: Expected 1-2 arguments, but got 3.
src/app/components/home/FeatureCard.tsx(30,65): error TS2769: No overload matches this call.
  The last overload gave the following error.
    Object literal may only specify known properties, and 'className' does not exist in type 'Partial<unknown> & Attributes'.
src/app/components/home/StatCard.tsx(66,62): error TS2769: No overload matches this call.
  The last overload gave the following error.
    Object literal may only specify known properties, and 'className' does not exist in type 'Partial<unknown> & Attributes'.
src/app/components/home/UserHome.tsx(81,22): error TS2322: Type '{ hidden: { opacity: number; y: number; }; visible: { opacity: number; y: number; transition: { type: string; stiffness: number; damping: number; }; }; }' is not assignable to type 'Variants'.
  Property 'visible' is incompatible with index signature.
    Type '{ opacity: number; y: number; transition: { type: string; stiffness: number; damping: number; }; }' is not assignable to type 'Variant'.
      Type '{ opacity: number; y: number; transition: { type: string; stiffness: number; damping: number; }; }' is not assignable to type 'TargetAndTransition'.
        Type '{ opacity: number; y: number; transition: { type: string; stiffness: number; damping: number; }; }' is not assignable to type '{ transition?: Transition<any> | undefined; transitionEnd?: ResolvedValues | undefined; }'.
          Types of property 'transition' are incompatible.
            Type '{ type: string; stiffness: number; damping: number; }' is not assignable to type 'Transition<any> | undefined'.
              Type '{ type: string; stiffness: number; damping: number; }' is not assignable to type 'TransitionWithValueOverrides<any>'.
                Type '{ type: string; stiffness: number; damping: number; }' is not assignable to type 'ValueAnimationTransition<any>'.
                  Types of property 'type' are incompatible.
                    Type 'string' is not assignable to type 'AnimationGeneratorType | undefined'.
src/app/components/home/UserHome.tsx(119,25): error TS2322: Type '{ hidden: { opacity: number; y: number; }; visible: { opacity: number; y: number; transition: { type: string; stiffness: number; damping: number; }; }; }' is not assignable to type 'Variants'.
  Property 'visible' is incompatible with index signature.
    Type '{ opacity: number; y: number; transition: { type: string; stiffness: number; damping: number; }; }' is not assignable to type 'Variant'.
      Type '{ opacity: number; y: number; transition: { type: string; stiffness: number; damping: number; }; }' is not assignable to type 'TargetAndTransition'.
        Type '{ opacity: number; y: number; transition: { type: string; stiffness: number; damping: number; }; }' is not assignable to type '{ transition?: Transition<any> | undefined; transitionEnd?: ResolvedValues | undefined; }'.
          Types of property 'transition' are incompatible.
            Type '{ type: string; stiffness: number; damping: number; }' is not assignable to type 'Transition<any> | undefined'.
              Type '{ type: string; stiffness: number; damping: number; }' is not assignable to type 'TransitionWithValueOverrides<any>'.
                Type '{ type: string; stiffness: number; damping: number; }' is not assignable to type 'ValueAnimationTransition<any>'.
                  Types of property 'type' are incompatible.
                    Type 'string' is not assignable to type 'AnimationGeneratorType | undefined'.
src/app/components/home/UserHome.tsx(128,25): error TS2322: Type '{ hidden: { opacity: number; y: number; }; visible: { opacity: number; y: number; transition: { type: string; stiffness: number; damping: number; }; }; }' is not assignable to type 'Variants'.
  Property 'visible' is incompatible with index signature.
    Type '{ opacity: number; y: number; transition: { type: string; stiffness: number; damping: number; }; }' is not assignable to type 'Variant'.
      Type '{ opacity: number; y: number; transition: { type: string; stiffness: number; damping: number; }; }' is not assignable to type 'TargetAndTransition'.
        Type '{ opacity: number; y: number; transition: { type: string; stiffness: number; damping: number; }; }' is not assignable to type '{ transition?: Transition<any> | undefined; transitionEnd?: ResolvedValues | undefined; }'.
          Types of property 'transition' are incompatible.
            Type '{ type: string; stiffness: number; damping: number; }' is not assignable to type 'Transition<any> | undefined'.
              Type '{ type: string; stiffness: number; damping: number; }' is not assignable to type 'TransitionWithValueOverrides<any>'.
                Type '{ type: string; stiffness: number; damping: number; }' is not assignable to type 'ValueAnimationTransition<any>'.
                  Types of property 'type' are incompatible.
                    Type 'string' is not assignable to type 'AnimationGeneratorType | undefined'.
src/app/components/home/UserHome.tsx(133,25): error TS2322: Type '{ hidden: { opacity: number; y: number; }; visible: { opacity: number; y: number; transition: { type: string; stiffness: number; damping: number; }; }; }' is not assignable to type 'Variants'.
  Property 'visible' is incompatible with index signature.
    Type '{ opacity: number; y: number; transition: { type: string; stiffness: number; damping: number; }; }' is not assignable to type 'Variant'.
      Type '{ opacity: number; y: number; transition: { type: string; stiffness: number; damping: number; }; }' is not assignable to type 'TargetAndTransition'.
        Type '{ opacity: number; y: number; transition: { type: string; stiffness: number; damping: number; }; }' is not assignable to type '{ transition?: Transition<any> | undefined; transitionEnd?: ResolvedValues | undefined; }'.
          Types of property 'transition' are incompatible.
            Type '{ type: string; stiffness: number; damping: number; }' is not assignable to type 'Transition<any> | undefined'.
              Type '{ type: string; stiffness: number; damping: number; }' is not assignable to type 'TransitionWithValueOverrides<any>'.
                Type '{ type: string; stiffness: number; damping: number; }' is not assignable to type 'ValueAnimationTransition<any>'.
                  Types of property 'type' are incompatible.
                    Type 'string' is not assignable to type 'AnimationGeneratorType | undefined'.
src/app/components/home/UserHome.tsx(138,25): error TS2322: Type '{ hidden: { opacity: number; y: number; }; visible: { opacity: number; y: number; transition: { type: string; stiffness: number; damping: number; }; }; }' is not assignable to type 'Variants'.
  Property 'visible' is incompatible with index signature.
    Type '{ opacity: number; y: number; transition: { type: string; stiffness: number; damping: number; }; }' is not assignable to type 'Variant'.
      Type '{ opacity: number; y: number; transition: { type: string; stiffness: number; damping: number; }; }' is not assignable to type 'TargetAndTransition'.
        Type '{ opacity: number; y: number; transition: { type: string; stiffness: number; damping: number; }; }' is not assignable to type '{ transition?: Transition<any> | undefined; transitionEnd?: ResolvedValues | undefined; }'.
          Types of property 'transition' are incompatible.
            Type '{ type: string; stiffness: number; damping: number; }' is not assignable to type 'Transition<any> | undefined'.
              Type '{ type: string; stiffness: number; damping: number; }' is not assignable to type 'TransitionWithValueOverrides<any>'.
                Type '{ type: string; stiffness: number; damping: number; }' is not assignable to type 'ValueAnimationTransition<any>'.
                  Types of property 'type' are incompatible.
                    Type 'string' is not assignable to type 'AnimationGeneratorType | undefined'.
src/app/components/home/UserHome.tsx(142,26): error TS2322: Type '{ hidden: { opacity: number; y: number; }; visible: { opacity: number; y: number; transition: { type: string; stiffness: number; damping: number; }; }; }' is not assignable to type 'Variants'.
  Property 'visible' is incompatible with index signature.
    Type '{ opacity: number; y: number; transition: { type: string; stiffness: number; damping: number; }; }' is not assignable to type 'Variant'.
      Type '{ opacity: number; y: number; transition: { type: string; stiffness: number; damping: number; }; }' is not assignable to type 'TargetAndTransition'.
        Type '{ opacity: number; y: number; transition: { type: string; stiffness: number; damping: number; }; }' is not assignable to type '{ transition?: Transition<any> | undefined; transitionEnd?: ResolvedValues | undefined; }'.
          Types of property 'transition' are incompatible.
            Type '{ type: string; stiffness: number; damping: number; }' is not assignable to type 'Transition<any> | undefined'.
              Type '{ type: string; stiffness: number; damping: number; }' is not assignable to type 'TransitionWithValueOverrides<any>'.
                Type '{ type: string; stiffness: number; damping: number; }' is not assignable to type 'ValueAnimationTransition<any>'.
                  Types of property 'type' are incompatible.
                    Type 'string' is not assignable to type 'AnimationGeneratorType | undefined'.
src/app/components/home/UserHome.tsx(150,25): error TS2322: Type '{ hidden: { opacity: number; y: number; }; visible: { opacity: number; y: number; transition: { type: string; stiffness: number; damping: number; }; }; }' is not assignable to type 'Variants'.
  Property 'visible' is incompatible with index signature.
    Type '{ opacity: number; y: number; transition: { type: string; stiffness: number; damping: number; }; }' is not assignable to type 'Variant'.
      Type '{ opacity: number; y: number; transition: { type: string; stiffness: number; damping: number; }; }' is not assignable to type 'TargetAndTransition'.
        Type '{ opacity: number; y: number; transition: { type: string; stiffness: number; damping: number; }; }' is not assignable to type '{ transition?: Transition<any> | undefined; transitionEnd?: ResolvedValues | undefined; }'.
          Types of property 'transition' are incompatible.
            Type '{ type: string; stiffness: number; damping: number; }' is not assignable to type 'Transition<any> | undefined'.
              Type '{ type: string; stiffness: number; damping: number; }' is not assignable to type 'TransitionWithValueOverrides<any>'.
                Type '{ type: string; stiffness: number; damping: number; }' is not assignable to type 'ValueAnimationTransition<any>'.
                  Types of property 'type' are incompatible.
                    Type 'string' is not assignable to type 'AnimationGeneratorType | undefined'.
src/app/components/home/UserHome.tsx(162,19): error TS2322: Type '{ hidden: { opacity: number; y: number; }; visible: { opacity: number; y: number; transition: { type: string; stiffness: number; damping: number; }; }; }' is not assignable to type 'Variants'.
  Property 'visible' is incompatible with index signature.
    Type '{ opacity: number; y: number; transition: { type: string; stiffness: number; damping: number; }; }' is not assignable to type 'Variant'.
      Type '{ opacity: number; y: number; transition: { type: string; stiffness: number; damping: number; }; }' is not assignable to type 'TargetAndTransition'.
        Type '{ opacity: number; y: number; transition: { type: string; stiffness: number; damping: number; }; }' is not assignable to type '{ transition?: Transition<any> | undefined; transitionEnd?: ResolvedValues | undefined; }'.
          Types of property 'transition' are incompatible.
            Type '{ type: string; stiffness: number; damping: number; }' is not assignable to type 'Transition<any> | undefined'.
              Type '{ type: string; stiffness: number; damping: number; }' is not assignable to type 'TransitionWithValueOverrides<any>'.
                Type '{ type: string; stiffness: number; damping: number; }' is not assignable to type 'ValueAnimationTransition<any>'.
                  Types of property 'type' are incompatible.
                    Type 'string' is not assignable to type 'AnimationGeneratorType | undefined'.
src/components/auth/DeviceInfo.tsx(5,40): error TS2307: Cannot find module '../types/login-form.types' or its corresponding type declarations.
src/components/auth/forms/EnhancedLoginForm.tsx(49,5): error TS2339: Property 'twoFactorCode' does not exist on type '{ form: UseFormReturn<{ email: string; password: string; rememberMe: boolean; }, any, { email: string; password: string; rememberMe: boolean; }>; onSubmit: (e?: BaseSyntheticEvent<object, any, any> | undefined) => Promise<...>; isLoading: boolean; showTwoFactor: boolean; loginAttemptId: string | null; setShowTwoFact...'.
src/components/auth/forms/EnhancedLoginForm.tsx(50,5): error TS2339: Property 'setTwoFactorCode' does not exist on type '{ form: UseFormReturn<{ email: string; password: string; rememberMe: boolean; }, any, { email: string; password: string; rememberMe: boolean; }>; onSubmit: (e?: BaseSyntheticEvent<object, any, any> | undefined) => Promise<...>; isLoading: boolean; showTwoFactor: boolean; loginAttemptId: string | null; setShowTwoFact...'.
src/components/auth/forms/EnhancedLoginForm.tsx(51,5): error TS2339: Property 'onTwoFactorSubmit' does not exist on type '{ form: UseFormReturn<{ email: string; password: string; rememberMe: boolean; }, any, { email: string; password: string; rememberMe: boolean; }>; onSubmit: (e?: BaseSyntheticEvent<object, any, any> | undefined) => Promise<...>; isLoading: boolean; showTwoFactor: boolean; loginAttemptId: string | null; setShowTwoFact...'.
src/components/auth/forms/EnhancedLoginForm.tsx(53,5): error TS2339: Property 'isShaking' does not exist on type '{ form: UseFormReturn<{ email: string; password: string; rememberMe: boolean; }, any, { email: string; password: string; rememberMe: boolean; }>; onSubmit: (e?: BaseSyntheticEvent<object, any, any> | undefined) => Promise<...>; isLoading: boolean; showTwoFactor: boolean; loginAttemptId: string | null; setShowTwoFact...'.
src/components/auth/forms/EnhancedLoginForm.tsx(54,5): error TS2339: Property 'lockoutSeconds' does not exist on type '{ form: UseFormReturn<{ email: string; password: string; rememberMe: boolean; }, any, { email: string; password: string; rememberMe: boolean; }>; onSubmit: (e?: BaseSyntheticEvent<object, any, any> | undefined) => Promise<...>; isLoading: boolean; showTwoFactor: boolean; loginAttemptId: string | null; setShowTwoFact...'.
src/components/auth/forms/EnhancedLoginForm.tsx(55,5): error TS2339: Property 'setLockoutSeconds' does not exist on type '{ form: UseFormReturn<{ email: string; password: string; rememberMe: boolean; }, any, { email: string; password: string; rememberMe: boolean; }>; onSubmit: (e?: BaseSyntheticEvent<object, any, any> | undefined) => Promise<...>; isLoading: boolean; showTwoFactor: boolean; loginAttemptId: string | null; setShowTwoFact...'.
src/components/auth/forms/EnhancedLoginForm.tsx(56,5): error TS2339: Property 'riskLevel' does not exist on type '{ form: UseFormReturn<{ email: string; password: string; rememberMe: boolean; }, any, { email: string; password: string; rememberMe: boolean; }>; onSubmit: (e?: BaseSyntheticEvent<object, any, any> | undefined) => Promise<...>; isLoading: boolean; showTwoFactor: boolean; loginAttemptId: string | null; setShowTwoFact...'.
src/components/auth/forms/EnhancedLoginForm.tsx(57,5): error TS2339: Property 'formControls' does not exist on type '{ form: UseFormReturn<{ email: string; password: string; rememberMe: boolean; }, any, { email: string; password: string; rememberMe: boolean; }>; onSubmit: (e?: BaseSyntheticEvent<object, any, any> | undefined) => Promise<...>; isLoading: boolean; showTwoFactor: boolean; loginAttemptId: string | null; setShowTwoFact...'.
src/components/auth/forms/EnhancedRegisterForm.tsx(155,17): error TS2322: Type 'boolean | undefined' is not assignable to type 'boolean'.
  Type 'undefined' is not assignable to type 'boolean'.
src/components/auth/login/constants.ts(6,32): error TS2307: Cannot find module './types' or its corresponding type declarations.
src/components/auth/RiskAlert.tsx(5,32): error TS2307: Cannot find module '../types/login-form.types' or its corresponding type declarations.
src/components/mega-menu/MegaMenuContent.tsx(135,38): error TS2339: Property 'userId' does not exist on type 'User'.
src/components/ui/ThemeToggle.tsx(7,23): error TS7016: Could not find a declaration file for module 'prop-types'. 'D:/thanawy/node_modules/prop-types/index.js' implicitly has an 'any' type.
  Try `npm i --save-dev @types/prop-types` if it exists or add a new declaration (.d.ts) file containing `declare module 'prop-types';`
src/hooks/auth/useLoginForm.ts(39,9): error TS2322: Type 'RefObject<HTMLInputElement | null>' is not assignable to type 'RefObject<HTMLInputElement>'.
  Type 'HTMLInputElement | null' is not assignable to type 'HTMLInputElement'.
    Type 'null' is not assignable to type 'HTMLInputElement'.
src/hooks/auth/useLoginForm.ts(40,9): error TS2322: Type 'RefObject<HTMLInputElement | null>' is not assignable to type 'RefObject<HTMLInputElement>'.
  Type 'HTMLInputElement | null' is not assignable to type 'HTMLInputElement'.
    Type 'null' is not assignable to type 'HTMLInputElement'.
src/hooks/auth/useLoginSubmission.ts(90,21): error TS2322: Type 'DeviceFingerprint | undefined' is not assignable to type 'string | undefined'.
  Type 'DeviceFingerprint' is not assignable to type 'string'.
src/hooks/auth/useLoginSubmission.ts(98,41): error TS2345: Argument of type 'string | undefined' is not assignable to parameter of type 'SetStateAction<string>'.
  Type 'undefined' is not assignable to type 'SetStateAction<string>'.
src/hooks/auth/useRegisterSubmission.ts(9,10): error TS2305: Module '"@/contexts/auth-context"' has no exported member 'User'.
src/hooks/use-adaptive-debounce.ts(32,21): error TS2554: Expected 1 arguments, but got 0.
src/hooks/use-client-effect.ts(50,22): error TS2554: Expected 1 arguments, but got 0.
src/hooks/use-login.ts(48,23): error TS2345: Argument of type 'User' is not assignable to parameter of type 'string'.
src/hooks/use-realtime-notifications.ts(33,30): error TS2554: Expected 1 arguments, but got 0.
src/lib/auth/providers/email-password.provider.ts(1,23): error TS2724: '"@/lib/services/auth-service"' has no exported member named 'AuthService'. Did you mean 'authService'?
src/lib/auth/unified-auth-manager.ts(229,22): error TS2339: Property 'state' does not exist on type '{}'.
src/lib/auth/unified-auth-manager.ts(230,52): error TS2339: Property 'state' does not exist on type '{}'.
src/lib/auth/validation-interface.ts(48,14): error TS2420: Class 'AuthValidator' incorrectly implements interface 'IAuthValidator'.
  Property 'validateLoginPassword' is missing in type 'AuthValidator' but required in type 'IAuthValidator'.
src/lib/client-server-utils.tsx(256,22): error TS2554: Expected 1 arguments, but got 0.
src/lib/safe-client-utils.ts(391,24): error TS2554: Expected 1 arguments, but got 0.
src/lib/services/security-check-service.ts(4,10): error TS2305: Module '"@/app/api/auth/_helpers"' has no exported member 'createCaptchaRequiredResponse'.
src/lib/services/security-check-service.ts(71,52): error TS2345: Argument of type 'null' is not assignable to parameter of type 'string'.
src/lib/services/security-check-service.ts(125,48): error TS2345: Argument of type 'null' is not assignable to parameter of type 'string'.
src/lib/services/security-check-service.ts(174,52): error TS2345: Argument of type 'null' is not assignable to parameter of type 'string'.
src/lib/services/security-check-service.ts(255,42): error TS2345: Argument of type 'string | null' is not assignable to parameter of type 'string'.
  Type 'null' is not assignable to type 'string'.
src/types/index.ts(7,1): error TS2308: Module './api/auth' has already exported a member named 'DeviceFingerprint'. Consider explicitly re-exporting to resolve the ambiguity.
tests/components/LoginForm.test.tsx(10,32): error TS2307: Cannot find module '@/hooks/useUnifiedAuth' or its corresponding type declarations.
